// Jest Snapshot v1, https://goo.gl/fbAQLP

exports[`2. console-text-replacer 1`] = `
"
console.log('sup dawg')

      ↓ ↓ ↓ ↓ ↓ ↓

console.log('1:0', 'sup dawg');
"
`;

exports[`3. console-text-replacer 1`] = `
"
function add(a, b) {
  console.log(a, b)
  return a + b
}

      ↓ ↓ ↓ ↓ ↓ ↓

function add(a, b) {
  console.log(\\"2:2\\", a, b);
  return a + b;
}
"
`;
