// Jest Snapshot v1, https://goo.gl/fbAQLP

exports[`2. console-text-replacer 1`] = `
"
console.log('sup dawg')

      ↓ ↓ ↓ ↓ ↓ ↓

console.log('1:0');
"
`;
