// Jest Snapshot v1, https://goo.gl/fbAQLP

exports[`2. ast-transform 1`] = `
"
$(el).hide();

      ↓ ↓ ↓ ↓ ↓ ↓

el.style.display = \\"none\\";
"
`;
